[89e.tjvdh.nl/index.html]
[backblue.gif]
[fade.gif]
[index.html]
[ajax.googleapis.com/ajax/libs/jquery/3.2.1/jquery.mindeae.js]
[89e.tjvdh.nl/wp-json/oembed/1.0/embed8915.json]
[89e.tjvdh.nl/wp-json/index.html]
[89e.tjvdh.nl/wp-json/oembed/1.0/embede104]
[89e.tjvdh.nl/wp-content/uploads/sites/2/2018/08/7.jpg]
[89e.tjvdh.nl/wp-content/uploads/sites/2/2018/08/6.jpg]
[89e.tjvdh.nl/nl/index.html]
[89e.tjvdh.nl/wp-content/uploads/sites/2/2018/08/5.jpg]
[89e.tjvdh.nl/wp-content/uploads/sites/2/2018/08/4.jpg]
[89e.tjvdh.nl/wp-content/uploads/sites/2/2018/08/3.jpg]
[89e.tjvdh.nl/wp-content/uploads/sites/2/2018/08/2.jpg]
[89e.tjvdh.nl/wp-content/uploads/sites/2/2018/08/1.jpg]
[89e.tjvdh.nl/wp-content/uploads/sites/2/2018/08/floorplanEnlarge.png]
[89e.tjvdh.nl/wp-content/uploads/sites/2/2018/08/floorplan.jpg]
[89e.tjvdh.nl/wp-content/themes/TJVDH/dist/assets/js/appe776.js]
[89e.tjvdh.nl/wp-includes/js/wp-embed5010.js]
[89e.tjvdh.nl/index.html]
[89e.tjvdh.nl/wp-content/themes/TJVDH/dist/assets/fonts/icons/icomoon29e4.eot]
[89e.tjvdh.nl/wp-content/themes/TJVDH/dist/assets/fonts/icons/icomoon29e4.ttf]
[89e.tjvdh.nl/wp-content/themes/TJVDH/dist/assets/fonts/icons/icomoon29e4.woff]
[89e.tjvdh.nl/wp-content/themes/TJVDH/dist/assets/css/appe776.css]
[89e.tjvdh.nl/wp-content/uploads/sites/2/2018/08/floorplanEnlarge-1.png]
[89e.tjvdh.nl/nl/index.html]
[89e.tjvdh.nl/wp-content/themes/TJVDH/dist/assets/fonts/icons/icomoon29e4.svg]
[89e.tjvdh.nl/wp-json/oembed/1.0/embed0144.json]
[89e.tjvdh.nl/wp-json/oembed/1.0/embedfa22]
